2026-04-02 00:07:19 [INFO] 配置文件加载成功:config/server.conf
2026-04-02 00:07:19 [INFO] === 当前配置 ===
2026-04-02 00:07:19 [INFO] log.file = logs/server.log
2026-04-02 00:07:19 [INFO] log.level = INFO
2026-04-02 00:07:19 [INFO] log.max_size = 10485760
2026-04-02 00:07:19 [INFO] performance.cache_enabled = true
2026-04-02 00:07:19 [INFO] performance.cache_size = 100
2026-04-02 00:07:19 [INFO] performance.threads = 4
2026-04-02 00:07:19 [INFO] preformance.cache_size = 100
2026-04-02 00:07:19 [INFO] security.allow_directory_listing = false
2026-04-02 00:07:19 [INFO] security.enable_access_log = true
2026-04-02 00:07:19 [INFO] server.backlog = 128
2026-04-02 00:07:19 [INFO] server.max_connections = 1000
2026-04-02 00:07:19 [INFO] server.port = 8080
2026-04-02 00:07:19 [INFO] server.root_dir = ./www
2026-04-02 00:07:19 [INFO] server.timeout = 30
2026-04-02 00:07:19 [INFO] ================
2026-04-02 00:07:19 [INFO] 🚀 启动Web服务器...
2026-04-02 00:07:19 [INFO] 监听端口: 8080
2026-04-02 00:07:19 [INFO] 根目录: ./www
2026-04-02 00:07:19 [INFO] 日志级别: INFO
2026-04-02 00:07:19 [INFO] 创建电话机
2026-04-02 00:07:19 [INFO] 📡 电话号码设置为8080
2026-04-02 00:07:19 [INFO] 🔔 电话已开启响铃，等待来电...
2026-04-02 00:07:19 [INFO] 🌐 请访问: http://localhost:8080/
2026-04-02 00:07:19 [INFO] ⏳ 等待客户连接...
2026-04-02 00:07:21 [INFO] 📞 接到一个电话
2026-04-02 00:07:21 [INFO] 📍 请求路径: /
2026-04-02 00:07:21 [INFO] 📄 文件扩展名: html → Content-Type: text/html
2026-04-02 00:07:21 [INFO] ✅ 文件读取成功 (8302 字节), Content-Type: text/html
2026-04-02 00:07:21 [INFO] 📤 发送响应 (8402 字节)
2026-04-02 00:07:21 [INFO] 访问日志: 127.0.0.1:40194 / -> 200
2026-04-02 00:07:21 [INFO] ✅ 电话挂断
2026-04-02 00:07:21 [INFO] ⏳ 等待客户连接...
2026-04-02 00:07:22 [INFO] 📞 接到一个电话
2026-04-02 00:27:33 [INFO] 配置文件加载成功:config/server.conf
2026-04-02 00:27:33 [INFO] === 当前配置 ===
2026-04-02 00:27:33 [INFO] log.file = logs/server.log
2026-04-02 00:27:33 [INFO] log.level = INFO
2026-04-02 00:27:33 [INFO] log.max_size = 10485760
2026-04-02 00:27:33 [INFO] performance.cache_enabled = true
2026-04-02 00:27:33 [INFO] performance.cache_size = 100
2026-04-02 00:27:33 [INFO] performance.threads = 4
2026-04-02 00:27:33 [INFO] preformance.cache_size = 100
2026-04-02 00:27:33 [INFO] security.allow_directory_listing = false
2026-04-02 00:27:33 [INFO] security.enable_access_log = true
2026-04-02 00:27:33 [INFO] server.backlog = 128
2026-04-02 00:27:33 [INFO] server.max_connections = 1000
2026-04-02 00:27:33 [INFO] server.port = 8080
2026-04-02 00:27:33 [INFO] server.root_dir = ./www
2026-04-02 00:27:33 [INFO] server.timeout = 30
2026-04-02 00:27:33 [INFO] ================
2026-04-02 00:27:33 [INFO] 🚀 启动Web服务器...
2026-04-02 00:27:33 [INFO] 监听端口: 8080
2026-04-02 00:27:33 [INFO] 根目录: ./www
2026-04-02 00:27:33 [INFO] 日志级别: INFO
2026-04-02 00:27:33 [INFO] 创建电话机
2026-04-02 00:27:33 [INFO] 📡 电话号码设置为8080
2026-04-02 00:27:33 [INFO] 🔔 电话已开启响铃，等待来电...
2026-04-02 00:27:33 [INFO] 🌐 请访问: http://localhost:8080/
2026-04-02 00:27:33 [INFO] ⏳ 等待客户连接...
2026-04-02 00:27:35 [INFO] 📞 接到一个电话
2026-04-02 00:27:35 [INFO] 📍 请求路径: /
2026-04-02 00:27:35 [INFO] ✅ 文件读取成功 (8302 字节)
2026-04-02 00:27:35 [INFO] 📤 发送响应 (8402 字节)
2026-04-02 00:27:35 [INFO] 访问日志: 127.0.0.1:60046 / -> 200
2026-04-02 00:27:35 [INFO] ⏳ 等待客户连接...
2026-04-02 00:27:35 [INFO] 📞 接到一个电话
2026-04-02 00:27:37 [INFO] 📍 请求路径: /test.html
2026-04-02 00:27:37 [INFO] ✅ 文件读取成功 (3094 字节)
2026-04-02 00:27:37 [INFO] 📤 发送响应 (3194 字节)
2026-04-02 00:27:37 [INFO] 访问日志: 127.0.0.1:60054 /test.html -> 200
2026-04-02 00:27:37 [INFO] ⏳ 等待客户连接...
2026-04-02 00:27:39 [INFO] 📞 接到一个电话
2026-04-02 00:27:39 [INFO] 📍 请求路径: /
2026-04-02 00:27:39 [INFO] ✅ 文件读取成功 (8302 字节)
2026-04-02 00:27:39 [INFO] 📤 发送响应 (8402 字节)
2026-04-02 00:27:39 [INFO] 访问日志: 127.0.0.1:42800 / -> 200
2026-04-02 00:27:39 [INFO] ⏳ 等待客户连接...
2026-04-02 00:27:39 [INFO] 📞 接到一个电话
2026-04-02 00:27:40 [INFO] 📍 请求路径: /nonexist.html
2026-04-02 00:27:40 [ERROR] 📂 文件打开失败: ./www/nonexist.html 原因: No such file or directory
2026-04-02 00:27:40 [WARN] ❌ 文件不存在: ./www/nonexist.html
2026-04-02 00:27:40 [INFO] 📤 发送响应 (12000 字节)
2026-04-02 00:27:40 [INFO] 访问日志: 127.0.0.1:42814 /nonexist.html -> 404
2026-04-02 00:27:40 [INFO] ⏳ 等待客户连接...
2026-04-02 00:27:43 [INFO] 📞 接到一个电话
2026-04-02 00:27:43 [INFO] 📍 请求路径: /
2026-04-02 00:27:43 [INFO] ✅ 文件读取成功 (8302 字节)
2026-04-02 00:27:43 [INFO] 📤 发送响应 (8402 字节)
2026-04-02 00:27:43 [INFO] 访问日志: 127.0.0.1:42830 / -> 200
2026-04-02 00:27:43 [INFO] ⏳ 等待客户连接...
2026-04-02 00:27:43 [INFO] 📞 接到一个电话
2026-04-02 00:27:44 [INFO] 📍 请求路径: /errors/500.html
2026-04-02 00:27:44 [INFO] ✅ 文件读取成功 (3725 字节)
2026-04-02 00:27:44 [INFO] 📤 发送响应 (3825 字节)
2026-04-02 00:27:44 [INFO] 访问日志: 127.0.0.1:42834 /errors/500.html -> 200
2026-04-02 00:27:44 [INFO] ⏳ 等待客户连接...
2026-04-02 00:27:46 [INFO] 📞 接到一个电话
2026-04-02 00:27:46 [INFO] 📍 请求路径: /
2026-04-02 00:27:46 [INFO] ✅ 文件读取成功 (8302 字节)
2026-04-02 00:27:46 [INFO] 📤 发送响应 (8402 字节)
2026-04-02 00:27:46 [INFO] 访问日志: 127.0.0.1:42848 / -> 200
2026-04-02 00:27:46 [INFO] ⏳ 等待客户连接...
2026-04-02 00:27:46 [INFO] 📞 接到一个电话
2026-04-02 00:27:48 [INFO] 📍 请求路径: /errors/403.html
2026-04-02 00:27:48 [INFO] ✅ 文件读取成功 (3320 字节)
2026-04-02 00:27:48 [INFO] 📤 发送响应 (3420 字节)
2026-04-02 00:27:48 [INFO] 访问日志: 127.0.0.1:42852 /errors/403.html -> 200
2026-04-02 00:27:48 [INFO] ⏳ 等待客户连接...
2026-04-02 00:27:49 [INFO] 📞 接到一个电话
2026-04-02 00:27:49 [INFO] 📍 请求路径: /
2026-04-02 00:27:49 [INFO] ✅ 文件读取成功 (8302 字节)
2026-04-02 00:27:49 [INFO] 📤 发送响应 (8402 字节)
2026-04-02 00:27:49 [INFO] 访问日志: 127.0.0.1:50670 / -> 200
2026-04-02 00:27:49 [INFO] ⏳ 等待客户连接...
2026-04-02 00:27:50 [INFO] 📞 接到一个电话
2026-04-02 00:27:51 [INFO] 📍 请求路径: /image-test.html
2026-04-02 00:27:51 [INFO] ✅ 文件读取成功 (2329 字节)
2026-04-02 00:27:51 [INFO] 📤 发送响应 (2429 字节)
2026-04-02 00:27:51 [INFO] 访问日志: 127.0.0.1:50674 /image-test.html -> 200
2026-04-02 00:27:51 [INFO] ⏳ 等待客户连接...
2026-04-02 00:27:52 [INFO] 📞 接到一个电话
2026-04-02 00:27:52 [INFO] 📍 请求路径: /script.js
2026-04-02 00:27:52 [INFO] ✅ 文件读取成功 (1295 字节)
2026-04-02 00:27:52 [INFO] 📤 发送响应 (1408 字节)
2026-04-02 00:27:52 [INFO] 访问日志: 127.0.0.1:50686 /script.js -> 200
2026-04-02 00:27:52 [INFO] ⏳ 等待客户连接...
2026-04-02 00:27:52 [INFO] 📞 接到一个电话
2026-04-02 00:27:52 [INFO] 📍 请求路径: /style.css
2026-04-02 00:27:52 [INFO] ✅ 文件读取成功 (1258 字节)
2026-04-02 00:27:52 [INFO] 📤 发送响应 (1357 字节)
2026-04-02 00:27:52 [INFO] 访问日志: 127.0.0.1:50688 /style.css -> 200
2026-04-02 00:27:52 [INFO] ⏳ 等待客户连接...
2026-04-02 00:27:52 [INFO] 📞 接到一个电话
2026-04-02 00:27:58 [INFO] 📍 请求路径: /
2026-04-02 00:27:58 [INFO] ✅ 文件读取成功 (8302 字节)
2026-04-02 00:27:58 [INFO] 📤 发送响应 (8402 字节)
2026-04-02 00:27:58 [INFO] 访问日志: 127.0.0.1:50692 / -> 200
2026-04-02 00:27:58 [INFO] ⏳ 等待客户连接...
2026-04-02 00:28:00 [INFO] 📞 接到一个电话
2026-04-02 00:28:00 [INFO] 📍 请求路径: /style.css
2026-04-02 00:28:00 [INFO] ✅ 文件读取成功 (1258 字节)
2026-04-02 00:28:00 [INFO] 📤 发送响应 (1357 字节)
2026-04-02 00:28:00 [INFO] 访问日志: 127.0.0.1:49470 /style.css -> 200
2026-04-02 00:28:00 [INFO] ⏳ 等待客户连接...
2026-04-02 00:28:00 [INFO] 📞 接到一个电话
2026-04-02 00:28:06 [INFO] 📍 请求路径: /api/hello
2026-04-02 00:28:06 [ERROR] 📂 文件打开失败: ./www/api/hello 原因: No such file or directory
2026-04-02 00:28:06 [WARN] ❌ 文件不存在: ./www/api/hello
2026-04-02 00:28:06 [INFO] 📤 发送响应 (11996 字节)
2026-04-02 00:28:06 [INFO] 访问日志: 127.0.0.1:49482 /api/hello -> 404
2026-04-02 00:28:06 [INFO] ⏳ 等待客户连接...
2026-04-02 00:28:07 [INFO] 📞 接到一个电话
2026-04-02 00:28:07 [INFO] 📍 请求路径: /
2026-04-02 00:28:07 [INFO] ✅ 文件读取成功 (8302 字节)
2026-04-02 00:28:07 [INFO] 📤 发送响应 (8402 字节)
2026-04-02 00:28:07 [INFO] 访问日志: 127.0.0.1:50554 / -> 200
2026-04-02 00:28:07 [INFO] ⏳ 等待客户连接...
2026-04-02 00:28:08 [INFO] 📞 接到一个电话
2026-04-02 00:28:09 [INFO] 📍 请求路径: /script.js
2026-04-02 00:28:09 [INFO] ✅ 文件读取成功 (1295 字节)
2026-04-02 00:28:09 [INFO] 📤 发送响应 (1408 字节)
2026-04-02 00:28:09 [INFO] 访问日志: 127.0.0.1:50558 /script.js -> 200
2026-04-02 00:28:09 [INFO] ⏳ 等待客户连接...
2026-04-02 00:28:14 [INFO] 📞 接到一个电话
2026-04-02 00:28:14 [INFO] 📍 请求路径: /errors/404.html
2026-04-02 00:28:14 [INFO] ✅ 文件读取成功 (11890 字节)
2026-04-02 00:28:14 [INFO] 📤 发送响应 (11991 字节)
2026-04-02 00:28:14 [INFO] 访问日志: 127.0.0.1:50560 /errors/404.html -> 200
2026-04-02 00:28:14 [INFO] ⏳ 等待客户连接...
2026-04-02 00:28:14 [INFO] 📞 接到一个电话
2026-04-02 00:28:15 [INFO] 📍 请求路径: /
2026-04-02 00:28:15 [INFO] ✅ 文件读取成功 (8302 字节)
2026-04-02 00:28:15 [INFO] 📤 发送响应 (8402 字节)
2026-04-02 00:28:15 [INFO] 访问日志: 127.0.0.1:50574 / -> 200
2026-04-02 00:28:15 [INFO] ⏳ 等待客户连接...
