2026-03-15 19:30:31 [INFO] 🚀 启动Web服务器...
2026-03-15 19:30:31 [INFO] 创建电话机
2026-03-15 19:30:31 [INFO] 📡 电话号码设置为8080
2026-03-15 19:30:31 [INFO] 🔔 电话已开启响铃，等待来电...
2026-03-15 19:30:31 [INFO] 🌐 请访问: http://localhost:8080/
2026-03-15 19:30:31 [INFO] ⏳ 等待客户连接...
2026-03-15 19:30:33 [INFO] 📞 接到一个电话
2026-03-15 19:30:33 [INFO] 📍 请求路径: /
2026-03-15 19:30:33 [INFO] ✅ 文件读取成功 (7949 字节)
2026-03-15 19:30:33 [INFO] 📤 发送响应 (8046 字节)
2026-03-15 19:30:33 [INFO] 访问日志: 127.0.0.1:46802 / -> 200
2026-03-15 19:30:33 [INFO] ✅ 电话挂断
2026-03-15 19:30:33 [INFO] ⏳ 等待客户连接...
2026-03-15 19:30:34 [INFO] 📞 接到一个电话
2026-03-15 19:30:54 [INFO] 📍 请求路径: /test.html
2026-03-15 19:30:54 [INFO] ✅ 文件读取成功 (3094 字节)
2026-03-15 19:30:54 [INFO] 📤 发送响应 (3191 字节)
2026-03-15 19:30:54 [INFO] 访问日志: 127.0.0.1:46812 /test.html -> 200
2026-03-15 19:30:54 [INFO] ✅ 电话挂断
2026-03-15 19:30:54 [INFO] ⏳ 等待客户连接...
2026-03-15 19:31:01 [INFO] 📞 接到一个电话
2026-03-15 19:31:01 [INFO] 📍 请求路径: /
2026-03-15 19:31:01 [INFO] ✅ 文件读取成功 (7949 字节)
2026-03-15 19:31:01 [INFO] 📤 发送响应 (8046 字节)
2026-03-15 19:31:01 [INFO] 访问日志: 127.0.0.1:41992 / -> 200
2026-03-15 19:31:01 [INFO] ✅ 电话挂断
2026-03-15 19:31:01 [INFO] ⏳ 等待客户连接...
2026-03-15 19:31:01 [INFO] 📞 接到一个电话
